// Jest Snapshot v1, https://jestjs.io/docs/snapshot-testing

exports[`R3Container test snapshot for R3Container 1`] = `
<body>
  <div>
    <header
      class="MuiPaper-root MuiPaper-elevation MuiPaper-elevation4 MuiAppBar-root MuiAppBar-colorPrimary MuiAppBar-positionStatic css-5k0x2i-MuiPaper-root-MuiAppBar-root"
      style="--Paper-shadow: 0px 2px 4px -1px rgba(0,0,0,0.2),0px 4px 5px 0px rgba(0,0,0,0.14),0px 1px 10px 0px rgba(0,0,0,0.12);"
    >
      <div
        class="MuiToolbar-root MuiToolbar-gutters MuiToolbar-regular css-1ygil4i-MuiToolbar-root"
      >
        <button
          aria-haspopup="true"
          aria-label="main menu"
          class="MuiButtonBase-root MuiIconButton-root MuiIconButton-colorInherit MuiIconButton-sizeLarge css-nxvj6i-MuiButtonBase-root-MuiIconButton-root"
          data-mui-internal-clone-element="true"
          label="main-menu"
          tabindex="0"
          type="button"
        >
          <svg
            aria-hidden="true"
            class="MuiSvgIcon-root MuiSvgIcon-fontSizeMedium css-14500qs-MuiSvgIcon-root"
            data-testid="MenuIcon"
            focusable="false"
            viewBox="0 0 24 24"
          >
            <path
              d="M3 18h18v-2H3zm0-5h18v-2H3zm0-7v2h18V6z"
            />
          </svg>
        </button>
        <h6
          class="MuiTypography-root MuiTypography-h6 MuiTypography-noWrap css-1cujath-MuiTypography-root"
        >
          K2HR3
        </h6>
        <button
          aria-haspopup="true"
          aria-label="signin menu"
          class="MuiButtonBase-root MuiIconButton-root MuiIconButton-colorInherit MuiIconButton-sizeLarge css-nxvj6i-MuiButtonBase-root-MuiIconButton-root"
          data-mui-internal-clone-element="true"
          label="signin-menu"
          tabindex="0"
          type="button"
        >
          <svg
            aria-hidden="true"
            class="MuiSvgIcon-root MuiSvgIcon-fontSizeMedium css-14500qs-MuiSvgIcon-root"
            data-testid="AccountCircleIcon"
            focusable="false"
            viewBox="0 0 24 24"
          >
            <path
              d="M12 2C6.48 2 2 6.48 2 12s4.48 10 10 10 10-4.48 10-10S17.52 2 12 2m0 4c1.93 0 3.5 1.57 3.5 3.5S13.93 13 12 13s-3.5-1.57-3.5-3.5S10.07 6 12 6m0 14c-2.03 0-4.43-.82-6.14-2.88C7.55 15.8 9.68 15 12 15s4.45.8 6.14 2.12C16.43 19.18 14.03 20 12 20"
            />
          </svg>
        </button>
      </div>
    </header>
    <div
      class="MuiBox-root css-0"
    >
      <div
        class="MuiBox-root css-1odwksc"
      >
        <div
          class="MuiBox-root css-0"
        >
          <header
            class="MuiPaper-root MuiPaper-elevation MuiPaper-elevation0 MuiAppBar-root MuiAppBar-colorPrimary MuiAppBar-positionStatic css-3uduyq-MuiPaper-root-MuiAppBar-root"
            style="--Paper-shadow: none;"
          >
            <div
              class="MuiToolbar-root MuiToolbar-gutters MuiToolbar-regular css-1buyw6z-MuiToolbar-root"
            >
              <div
                class="MuiChip-root MuiChip-filled MuiChip-sizeMedium MuiChip-colorPrimary css-a5uxj2-MuiChip-root"
              >
                <span
                  class="MuiChip-label css-1dybbl5-MuiChip-label"
                >
                  <span
                    class="MuiTypography-root MuiTypography-subtitle2 css-1kd12jc-MuiTypography-root"
                  >
                    TENANT
                  </span>
                </span>
              </div>
              <span
                class="MuiTypography-root MuiTypography-subtitle2 css-j745vp-MuiTypography-root"
              >
                No tenant list
              </span>
              <button
                aria-label="select tenant"
                class="MuiButtonBase-root MuiIconButton-root MuiIconButton-sizeLarge css-skim0e-MuiButtonBase-root-MuiIconButton-root"
                data-mui-internal-clone-element="true"
                label="select-tenant"
                tabindex="0"
                type="button"
              >
                <svg
                  aria-hidden="true"
                  class="MuiSvgIcon-root MuiSvgIcon-fontSizeMedium css-14500qs-MuiSvgIcon-root"
                  data-testid="MoreVertIcon"
                  focusable="false"
                  viewBox="0 0 24 24"
                >
                  <path
                    d="M12 8c1.1 0 2-.9 2-2s-.9-2-2-2-2 .9-2 2 .9 2 2 2m0 2c-1.1 0-2 .9-2 2s.9 2 2 2 2-.9 2-2-.9-2-2-2m0 6c-1.1 0-2 .9-2 2s.9 2 2 2 2-.9 2-2-.9-2-2-2"
                  />
                </svg>
              </button>
            </div>
          </header>
        </div>
        <div
          class="MuiList-root css-54zhjy-MuiList-root"
          id="mainTree-top-list"
        >
          <div
            class="MuiBox-root css-0"
          >
            <li
              class="MuiListItem-root MuiListItem-gutters MuiListItem-padding css-cfd5wn-MuiListItem-root"
            >
              <div
                class="MuiListItemIcon-root css-4hwha7-MuiListItemIcon-root"
              >
                <svg
                  aria-hidden="true"
                  class="MuiSvgIcon-root MuiSvgIcon-fontSizeMedium css-14500qs-MuiSvgIcon-root"
                  data-testid="LabelIcon"
                  focusable="false"
                  viewBox="0 0 24 24"
                >
                  <path
                    d="M17.63 5.84C17.27 5.33 16.67 5 16 5L5 5.01C3.9 5.01 3 5.9 3 7v10c0 1.1.9 1.99 2 1.99L16 19c.67 0 1.27-.33 1.63-.84L22 12z"
                  />
                </svg>
              </div>
              <div
                class="MuiListItemText-root css-1og23hl-MuiListItemText-root"
              >
                <h6
                  class="MuiTypography-root MuiTypography-subtitle2 MuiListItemText-primary css-uq6ltw-MuiTypography-root"
                >
                  SERVICE
                </h6>
              </div>
            </li>
          </div>
          <div
            class="MuiBox-root css-0"
          >
            <li
              class="MuiListItem-root MuiListItem-gutters MuiListItem-padding css-cfd5wn-MuiListItem-root"
            >
              <div
                class="MuiListItemIcon-root css-4hwha7-MuiListItemIcon-root"
              >
                <svg
                  aria-hidden="true"
                  class="MuiSvgIcon-root MuiSvgIcon-fontSizeMedium css-14500qs-MuiSvgIcon-root"
                  data-testid="LabelIcon"
                  focusable="false"
                  viewBox="0 0 24 24"
                >
                  <path
                    d="M17.63 5.84C17.27 5.33 16.67 5 16 5L5 5.01C3.9 5.01 3 5.9 3 7v10c0 1.1.9 1.99 2 1.99L16 19c.67 0 1.27-.33 1.63-.84L22 12z"
                  />
                </svg>
              </div>
              <div
                class="MuiListItemText-root css-1og23hl-MuiListItemText-root"
              >
                <h6
                  class="MuiTypography-root MuiTypography-subtitle2 MuiListItemText-primary css-uq6ltw-MuiTypography-root"
                >
                  ROLE
                </h6>
              </div>
            </li>
          </div>
          <div
            class="MuiBox-root css-0"
          >
            <li
              class="MuiListItem-root MuiListItem-gutters MuiListItem-padding css-cfd5wn-MuiListItem-root"
            >
              <div
                class="MuiListItemIcon-root css-4hwha7-MuiListItemIcon-root"
              >
                <svg
                  aria-hidden="true"
                  class="MuiSvgIcon-root MuiSvgIcon-fontSizeMedium css-14500qs-MuiSvgIcon-root"
                  data-testid="LabelIcon"
                  focusable="false"
                  viewBox="0 0 24 24"
                >
                  <path
                    d="M17.63 5.84C17.27 5.33 16.67 5 16 5L5 5.01C3.9 5.01 3 5.9 3 7v10c0 1.1.9 1.99 2 1.99L16 19c.67 0 1.27-.33 1.63-.84L22 12z"
                  />
                </svg>
              </div>
              <div
                class="MuiListItemText-root css-1og23hl-MuiListItemText-root"
              >
                <h6
                  class="MuiTypography-root MuiTypography-subtitle2 MuiListItemText-primary css-uq6ltw-MuiTypography-root"
                >
                  RESOURCE
                </h6>
              </div>
            </li>
          </div>
          <div
            class="MuiBox-root css-0"
          >
            <li
              class="MuiListItem-root MuiListItem-gutters MuiListItem-padding css-cfd5wn-MuiListItem-root"
            >
              <div
                class="MuiListItemIcon-root css-4hwha7-MuiListItemIcon-root"
              >
                <svg
                  aria-hidden="true"
                  class="MuiSvgIcon-root MuiSvgIcon-fontSizeMedium css-14500qs-MuiSvgIcon-root"
                  data-testid="LabelIcon"
                  focusable="false"
                  viewBox="0 0 24 24"
                >
                  <path
                    d="M17.63 5.84C17.27 5.33 16.67 5 16 5L5 5.01C3.9 5.01 3 5.9 3 7v10c0 1.1.9 1.99 2 1.99L16 19c.67 0 1.27-.33 1.63-.84L22 12z"
                  />
                </svg>
              </div>
              <div
                class="MuiListItemText-root css-1og23hl-MuiListItemText-root"
              >
                <h6
                  class="MuiTypography-root MuiTypography-subtitle2 MuiListItemText-primary css-uq6ltw-MuiTypography-root"
                >
                  POLICY
                </h6>
              </div>
            </li>
          </div>
        </div>
      </div>
      <div
        class="MuiBox-root css-0"
      >
        <div
          class="MuiBox-root css-0"
        >
          <header
            class="MuiPaper-root MuiPaper-elevation MuiPaper-elevation0 MuiAppBar-root MuiAppBar-colorPrimary MuiAppBar-positionStatic css-3uduyq-MuiPaper-root-MuiAppBar-root"
            style="--Paper-shadow: none;"
          >
            <div
              class="MuiToolbar-root MuiToolbar-gutters MuiToolbar-regular css-1ygil4i-MuiToolbar-root"
            >
              <div
                aria-label="current display item and its path"
                class="MuiButtonBase-root MuiChip-root MuiChip-filled MuiChip-sizeMedium MuiChip-colorPrimary MuiChip-clickable css-ygrdxp-MuiButtonBase-root-MuiChip-root"
                data-mui-internal-clone-element="true"
                role="button"
                tabindex="0"
              >
                <div
                  class="MuiAvatar-root MuiAvatar-circular MuiAvatar-colorDefault MuiChip-avatar css-z71jv3-MuiAvatar-root"
                >
                  <svg
                    aria-hidden="true"
                    class="MuiSvgIcon-root MuiSvgIcon-fontSizeMedium css-110z8hk-MuiSvgIcon-root"
                    data-testid="DescriptionIcon"
                    focusable="false"
                    viewBox="0 0 24 24"
                  >
                    <path
                      d="M14 2H6c-1.1 0-1.99.9-1.99 2L4 20c0 1.1.89 2 1.99 2H18c1.1 0 2-.9 2-2V8zm2 16H8v-2h8zm0-4H8v-2h8zm-3-5V3.5L18.5 9z"
                    />
                  </svg>
                </div>
                <span
                  class="MuiChip-label css-1dybbl5-MuiChip-label"
                >
                  <span
                    class="MuiTypography-root MuiTypography-subtitle2 css-1kd12jc-MuiTypography-root"
                  >
                    Unselected
                  </span>
                </span>
              </div>
              <span
                class="MuiTypography-root MuiTypography-subtitle2 MuiTypography-noWrap css-103zzl9-MuiTypography-root"
              />
              <div
                class="MuiBox-root css-i9gxme"
              />
            </div>
          </header>
        </div>
        <div
          class="MuiPaper-root MuiPaper-elevation MuiPaper-rounded MuiPaper-elevation2 css-lfqywp-MuiPaper-root"
          style="--Paper-shadow: 0px 3px 1px -2px rgba(0,0,0,0.2),0px 2px 2px 0px rgba(0,0,0,0.14),0px 1px 5px 0px rgba(0,0,0,0.12);"
        >
          <svg
            aria-hidden="true"
            class="MuiSvgIcon-root MuiSvgIcon-fontSizeMedium css-xk6smp-MuiSvgIcon-root"
            data-testid="InfoOutlinedIcon"
            focusable="false"
            viewBox="0 0 24 24"
          >
            <path
              d="M11 7h2v2h-2zm0 4h2v6h-2zm1-9C6.48 2 2 6.48 2 12s4.48 10 10 10 10-4.48 10-10S17.52 2 12 2m0 18c-4.41 0-8-3.59-8-8s3.59-8 8-8 8 3.59 8 8-3.59 8-8 8"
            />
          </svg>
          <span
            class="MuiTypography-root MuiTypography-body1 css-1iozzf3-MuiTypography-root"
          >
            First select the tenant, then select ROLE / RESOURCE / POLICY, then browse and edit.
            <br />
          </span>
        </div>
      </div>
    </div>
  </div>
</body>
`;
