// Jest Snapshot v1, https://goo.gl/fbAQLP

exports[`R3AppBar test snapshot for R3AppBar 1`] = `
<header
  className="MuiPaper-root MuiPaper-elevation MuiPaper-elevation4 MuiAppBar-root MuiAppBar-colorPrimary MuiAppBar-positionStatic css-5k0x2i-MuiPaper-root-MuiAppBar-root"
  style={
    {
      "--Paper-shadow": "0px 2px 4px -1px rgba(0,0,0,0.2),0px 4px 5px 0px rgba(0,0,0,0.14),0px 1px 10px 0px rgba(0,0,0,0.12)",
    }
  }
>
  <div
    className="MuiToolbar-root MuiToolbar-gutters MuiToolbar-dense css-s3ewxw-MuiToolbar-root"
  >
    <button
      aria-haspopup="true"
      aria-label="main menu"
      aria-labelledby={null}
      className="MuiButtonBase-root MuiIconButton-root MuiIconButton-colorInherit MuiIconButton-sizeLarge css-nxvj6i-MuiButtonBase-root-MuiIconButton-root"
      data-mui-internal-clone-element={true}
      disabled={null}
      label="main-menu"
      onBlur={[Function]}
      onClick={[Function]}
      onContextMenu={[Function]}
      onDragLeave={[Function]}
      onFocus={[Function]}
      onKeyDown={[Function]}
      onKeyUp={[Function]}
      onMouseDown={[Function]}
      onMouseEnter={[Function]}
      onMouseLeave={[Function]}
      onMouseOver={[Function]}
      onMouseUp={[Function]}
      onTouchEnd={[Function]}
      onTouchMove={[Function]}
      onTouchStart={[Function]}
      tabIndex={0}
      type="button"
    >
      <svg
        aria-hidden={true}
        className="MuiSvgIcon-root MuiSvgIcon-fontSizeMedium css-14500qs-MuiSvgIcon-root"
        data-testid="MenuIcon"
        focusable="false"
        viewBox="0 0 24 24"
      >
        <path
          d="M3 18h18v-2H3zm0-5h18v-2H3zm0-7v2h18V6z"
        />
      </svg>
    </button>
    <h6
      className="MuiTypography-root MuiTypography-h6 MuiTypography-noWrap css-3vpxrl-MuiTypography-root"
      style={{}}
    >
      K2HR3
    </h6>
    <button
      aria-haspopup="true"
      aria-label="signin menu"
      aria-labelledby={null}
      className="MuiButtonBase-root MuiIconButton-root MuiIconButton-colorInherit MuiIconButton-sizeLarge css-nxvj6i-MuiButtonBase-root-MuiIconButton-root"
      data-mui-internal-clone-element={true}
      disabled={null}
      label="signin-menu"
      onBlur={[Function]}
      onClick={[Function]}
      onContextMenu={[Function]}
      onDragLeave={[Function]}
      onFocus={[Function]}
      onKeyDown={[Function]}
      onKeyUp={[Function]}
      onMouseDown={[Function]}
      onMouseEnter={[Function]}
      onMouseLeave={[Function]}
      onMouseOver={[Function]}
      onMouseUp={[Function]}
      onTouchEnd={[Function]}
      onTouchMove={[Function]}
      onTouchStart={[Function]}
      tabIndex={0}
      type="button"
    >
      <svg
        aria-hidden={true}
        className="MuiSvgIcon-root MuiSvgIcon-fontSizeMedium css-14500qs-MuiSvgIcon-root"
        data-testid="AccountCircleIcon"
        focusable="false"
        viewBox="0 0 24 24"
      >
        <path
          d="M12 2C6.48 2 2 6.48 2 12s4.48 10 10 10 10-4.48 10-10S17.52 2 12 2m0 4c1.93 0 3.5 1.57 3.5 3.5S13.93 13 12 13s-3.5-1.57-3.5-3.5S10.07 6 12 6m0 14c-2.03 0-4.43-.82-6.14-2.88C7.55 15.8 9.68 15 12 15s4.45.8 6.14 2.12C16.43 19.18 14.03 20 12 20"
        />
      </svg>
    </button>
  </div>
</header>
`;
