// Jest Snapshot v1, https://goo.gl/fbAQLP

exports[`R3MainTree test snapshot for R3MainTree 1`] = `
<div
  className="MuiBox-root css-1odwksc"
>
  <div
    className="MuiBox-root css-0"
  >
    <header
      className="MuiPaper-root MuiPaper-elevation MuiPaper-elevation0 MuiAppBar-root MuiAppBar-colorPrimary MuiAppBar-positionStatic css-3uduyq-MuiPaper-root-MuiAppBar-root"
      style={
        {
          "--Paper-shadow": "none",
        }
      }
    >
      <div
        className="MuiToolbar-root MuiToolbar-gutters MuiToolbar-dense css-yf15cp-MuiToolbar-root"
      >
        <div
          className="MuiChip-root MuiChip-filled MuiChip-sizeMedium MuiChip-colorPrimary MuiChip-filledPrimary css-1eyi10f-MuiChip-root"
          onKeyDown={[Function]}
          onKeyUp={[Function]}
        >
          <span
            className="MuiChip-label MuiChip-labelMedium css-1glixai-MuiChip-label"
          >
            <span
              className="MuiTypography-root MuiTypography-subtitle2 css-udjdov-MuiTypography-root"
              style={{}}
            >
              TENANT
            </span>
          </span>
        </div>
        <span
          className="MuiTypography-root MuiTypography-subtitle2 css-d6hxaw-MuiTypography-root"
          style={{}}
        >
          GROUP0:TENANT0
        </span>
        <button
          aria-label="select tenant"
          aria-labelledby={null}
          className="MuiButtonBase-root MuiIconButton-root MuiIconButton-sizeLarge css-skim0e-MuiButtonBase-root-MuiIconButton-root"
          data-mui-internal-clone-element={true}
          disabled={null}
          id=":r1:"
          label="select-tenant"
          onBlur={[Function]}
          onClick={[Function]}
          onContextMenu={[Function]}
          onDragLeave={[Function]}
          onFocus={[Function]}
          onKeyDown={[Function]}
          onKeyUp={[Function]}
          onMouseDown={[Function]}
          onMouseEnter={[Function]}
          onMouseLeave={[Function]}
          onMouseOver={[Function]}
          onMouseUp={[Function]}
          onTouchEnd={[Function]}
          onTouchMove={[Function]}
          onTouchStart={[Function]}
          tabIndex={0}
          type="button"
        >
          <svg
            aria-hidden={true}
            className="MuiSvgIcon-root MuiSvgIcon-fontSizeMedium css-14500qs-MuiSvgIcon-root"
            data-testid="MoreVertIcon"
            focusable="false"
            viewBox="0 0 24 24"
          >
            <path
              d="M12 8c1.1 0 2-.9 2-2s-.9-2-2-2-2 .9-2 2 .9 2 2 2m0 2c-1.1 0-2 .9-2 2s.9 2 2 2 2-.9 2-2-.9-2-2-2m0 6c-1.1 0-2 .9-2 2s.9 2 2 2 2-.9 2-2-.9-2-2-2"
            />
          </svg>
        </button>
      </div>
    </header>
  </div>
  <div
    className="MuiList-root css-54zhjy-MuiList-root"
    id="mainTree-top-list"
  >
    <div
      className="MuiBox-root css-0"
    >
      <li
        button={true}
        className="MuiListItem-root MuiListItem-gutters MuiListItem-padding css-z2qibm-MuiListItem-root"
        onClick={[Function]}
      >
        <div
          className="MuiListItemIcon-root css-cokf1l-MuiListItemIcon-root"
        >
          <svg
            aria-hidden={true}
            className="MuiSvgIcon-root MuiSvgIcon-fontSizeMedium css-14500qs-MuiSvgIcon-root"
            data-testid="LabelIcon"
            focusable="false"
            viewBox="0 0 24 24"
          >
            <path
              d="M17.63 5.84C17.27 5.33 16.67 5 16 5L5 5.01C3.9 5.01 3 5.9 3 7v10c0 1.1.9 1.99 2 1.99L16 19c.67 0 1.27-.33 1.63-.84L22 12z"
            />
          </svg>
        </div>
        <div
          className="MuiListItemText-root css-10be8wv-MuiListItemText-root"
        >
          <h6
            className="MuiTypography-root MuiTypography-subtitle2 MuiListItemText-primary css-1ar4pcq-MuiTypography-root"
            style={{}}
          >
            SERVICE
          </h6>
        </div>
        <div
          className="MuiListItemIcon-root css-vm1nrx-MuiListItemIcon-root"
        >
          <svg
            aria-hidden={true}
            className="MuiSvgIcon-root MuiSvgIcon-fontSizeMedium css-14500qs-MuiSvgIcon-root"
            data-testid="ExpandMoreIcon"
            focusable="false"
            viewBox="0 0 24 24"
          >
            <path
              d="M16.59 8.59 12 13.17 7.41 8.59 6 10l6 6 6-6z"
            />
          </svg>
        </div>
      </li>
      <div
        className="MuiCollapse-root MuiCollapse-vertical MuiCollapse-hidden css-cwrbtg-MuiCollapse-root"
        style={
          {
            "minHeight": "0px",
          }
        }
      >
        <div
          className="MuiCollapse-wrapper MuiCollapse-vertical css-1x6hinx-MuiCollapse-wrapper"
        >
          <div
            className="MuiCollapse-wrapperInner MuiCollapse-vertical css-1i4ywhz-MuiCollapse-wrapperInner"
          >
            <div
              className="MuiList-root css-54zhjy-MuiList-root"
            >
              <div
                className="MuiBox-root css-0"
              >
                <li
                  button={true}
                  className="MuiListItem-root MuiListItem-gutters MuiListItem-padding css-z2qibm-MuiListItem-root"
                  onClick={[Function]}
                >
                  <div
                    className="MuiListItemText-root css-1dbtewr-MuiListItemText-root"
                  >
                    <h6
                      className="MuiTypography-root MuiTypography-subtitle1 MuiListItemText-primary css-1xvkgzy-MuiTypography-root"
                      style={{}}
                    >
                      child_service
                    </h6>
                  </div>
                  <div
                    className="MuiListItemIcon-root css-vm1nrx-MuiListItemIcon-root"
                  >
                    <svg
                      aria-hidden={true}
                      className="MuiSvgIcon-root MuiSvgIcon-fontSizeMedium css-14500qs-MuiSvgIcon-root"
                      data-testid="ExpandMoreIcon"
                      focusable="false"
                      viewBox="0 0 24 24"
                    >
                      <path
                        d="M16.59 8.59 12 13.17 7.41 8.59 6 10l6 6 6-6z"
                      />
                    </svg>
                  </div>
                </li>
                <div
                  className="MuiCollapse-root MuiCollapse-vertical MuiCollapse-hidden css-ztu2fs-MuiCollapse-root"
                  style={
                    {
                      "minHeight": "0px",
                    }
                  }
                >
                  <div
                    className="MuiCollapse-wrapper MuiCollapse-vertical css-1x6hinx-MuiCollapse-wrapper"
                  >
                    <div
                      className="MuiCollapse-wrapperInner MuiCollapse-vertical css-1i4ywhz-MuiCollapse-wrapperInner"
                    >
                      <div
                        className="MuiList-root css-54zhjy-MuiList-root"
                      >
                        <div
                          className="MuiBox-root css-0"
                        >
                          <li
                            button={true}
                            className="MuiListItem-root MuiListItem-gutters MuiListItem-padding css-z2qibm-MuiListItem-root"
                            onClick={[Function]}
                          >
                            <div
                              className="MuiListItemText-root css-1dbtewr-MuiListItemText-root"
                            >
                              <h6
                                className="MuiTypography-root MuiTypography-subtitle1 MuiListItemText-primary css-1xvkgzy-MuiTypography-root"
                                style={{}}
                              >
                                ROLE
                              </h6>
                            </div>
                            <div
                              className="MuiListItemIcon-root css-vm1nrx-MuiListItemIcon-root"
                            >
                              <svg
                                aria-hidden={true}
                                className="MuiSvgIcon-root MuiSvgIcon-fontSizeMedium css-14500qs-MuiSvgIcon-root"
                                data-testid="ExpandMoreIcon"
                                focusable="false"
                                viewBox="0 0 24 24"
                              >
                                <path
                                  d="M16.59 8.59 12 13.17 7.41 8.59 6 10l6 6 6-6z"
                                />
                              </svg>
                            </div>
                          </li>
                          <div
                            className="MuiCollapse-root MuiCollapse-vertical MuiCollapse-hidden css-ztu2fs-MuiCollapse-root"
                            style={
                              {
                                "minHeight": "0px",
                              }
                            }
                          >
                            <div
                              className="MuiCollapse-wrapper MuiCollapse-vertical css-1x6hinx-MuiCollapse-wrapper"
                            >
                              <div
                                className="MuiCollapse-wrapperInner MuiCollapse-vertical css-1i4ywhz-MuiCollapse-wrapperInner"
                              >
                                <div
                                  className="MuiList-root css-54zhjy-MuiList-root"
                                >
                                  <div
                                    className="MuiBox-root css-0"
                                  >
                                    <li
                                      button={true}
                                      className="MuiListItem-root MuiListItem-gutters MuiListItem-padding css-z2qibm-MuiListItem-root"
                                      onClick={[Function]}
                                    >
                                      <div
                                        className="MuiListItemText-root css-1dbtewr-MuiListItemText-root"
                                      >
                                        <h6
                                          className="MuiTypography-root MuiTypography-subtitle1 MuiListItemText-primary css-1xvkgzy-MuiTypography-root"
                                          style={{}}
                                        >
                                          dummyservicerole
                                        </h6>
                                      </div>
                                    </li>
                                  </div>
                                </div>
                              </div>
                            </div>
                          </div>
                        </div>
                        <div
                          className="MuiBox-root css-0"
                        >
                          <li
                            button={true}
                            className="MuiListItem-root MuiListItem-gutters MuiListItem-padding css-z2qibm-MuiListItem-root"
                            onClick={[Function]}
                          >
                            <div
                              className="MuiListItemText-root css-1dbtewr-MuiListItemText-root"
                            >
                              <h6
                                className="MuiTypography-root MuiTypography-subtitle1 MuiListItemText-primary css-1xvkgzy-MuiTypography-root"
                                style={{}}
                              >
                                RESOURCE
                              </h6>
                            </div>
                            <div
                              className="MuiListItemIcon-root css-vm1nrx-MuiListItemIcon-root"
                            >
                              <svg
                                aria-hidden={true}
                                className="MuiSvgIcon-root MuiSvgIcon-fontSizeMedium css-14500qs-MuiSvgIcon-root"
                                data-testid="ExpandMoreIcon"
                                focusable="false"
                                viewBox="0 0 24 24"
                              >
                                <path
                                  d="M16.59 8.59 12 13.17 7.41 8.59 6 10l6 6 6-6z"
                                />
                              </svg>
                            </div>
                          </li>
                          <div
                            className="MuiCollapse-root MuiCollapse-vertical MuiCollapse-hidden css-ztu2fs-MuiCollapse-root"
                            style={
                              {
                                "minHeight": "0px",
                              }
                            }
                          >
                            <div
                              className="MuiCollapse-wrapper MuiCollapse-vertical css-1x6hinx-MuiCollapse-wrapper"
                            >
                              <div
                                className="MuiCollapse-wrapperInner MuiCollapse-vertical css-1i4ywhz-MuiCollapse-wrapperInner"
                              >
                                <div
                                  className="MuiList-root css-54zhjy-MuiList-root"
                                >
                                  <div
                                    className="MuiBox-root css-0"
                                  >
                                    <li
                                      button={true}
                                      className="MuiListItem-root MuiListItem-gutters MuiListItem-padding css-z2qibm-MuiListItem-root"
                                      onClick={[Function]}
                                    >
                                      <div
                                        className="MuiListItemText-root css-1dbtewr-MuiListItemText-root"
                                      >
                                        <h6
                                          className="MuiTypography-root MuiTypography-subtitle1 MuiListItemText-primary css-1xvkgzy-MuiTypography-root"
                                          style={{}}
                                        >
                                          dummyserviceresource
                                        </h6>
                                      </div>
                                    </li>
                                  </div>
                                </div>
                              </div>
                            </div>
                          </div>
                        </div>
                        <div
                          className="MuiBox-root css-0"
                        >
                          <li
                            button={true}
                            className="MuiListItem-root MuiListItem-gutters MuiListItem-padding css-z2qibm-MuiListItem-root"
                            onClick={[Function]}
                          >
                            <div
                              className="MuiListItemText-root css-1dbtewr-MuiListItemText-root"
                            >
                              <h6
                                className="MuiTypography-root MuiTypography-subtitle1 MuiListItemText-primary css-1xvkgzy-MuiTypography-root"
                                style={{}}
                              >
                                POLICY
                              </h6>
                            </div>
                            <div
                              className="MuiListItemIcon-root css-vm1nrx-MuiListItemIcon-root"
                            >
                              <svg
                                aria-hidden={true}
                                className="MuiSvgIcon-root MuiSvgIcon-fontSizeMedium css-14500qs-MuiSvgIcon-root"
                                data-testid="ExpandMoreIcon"
                                focusable="false"
                                viewBox="0 0 24 24"
                              >
                                <path
                                  d="M16.59 8.59 12 13.17 7.41 8.59 6 10l6 6 6-6z"
                                />
                              </svg>
                            </div>
                          </li>
                          <div
                            className="MuiCollapse-root MuiCollapse-vertical MuiCollapse-hidden css-ztu2fs-MuiCollapse-root"
                            style={
                              {
                                "minHeight": "0px",
                              }
                            }
                          >
                            <div
                              className="MuiCollapse-wrapper MuiCollapse-vertical css-1x6hinx-MuiCollapse-wrapper"
                            >
                              <div
                                className="MuiCollapse-wrapperInner MuiCollapse-vertical css-1i4ywhz-MuiCollapse-wrapperInner"
                              >
                                <div
                                  className="MuiList-root css-54zhjy-MuiList-root"
                                >
                                  <div
                                    className="MuiBox-root css-0"
                                  >
                                    <li
                                      button={true}
                                      className="MuiListItem-root MuiListItem-gutters MuiListItem-padding css-z2qibm-MuiListItem-root"
                                      onClick={[Function]}
                                    >
                                      <div
                                        className="MuiListItemText-root css-1dbtewr-MuiListItemText-root"
                                      >
                                        <h6
                                          className="MuiTypography-root MuiTypography-subtitle1 MuiListItemText-primary css-1xvkgzy-MuiTypography-root"
                                          style={{}}
                                        >
                                          dummyservicepolicy
                                        </h6>
                                      </div>
                                    </li>
                                  </div>
                                </div>
                              </div>
                            </div>
                          </div>
                        </div>
                      </div>
                    </div>
                  </div>
                </div>
              </div>
            </div>
          </div>
        </div>
      </div>
    </div>
    <div
      className="MuiBox-root css-0"
    >
      <li
        button={true}
        className="MuiListItem-root MuiListItem-gutters MuiListItem-padding css-z2qibm-MuiListItem-root"
        onClick={[Function]}
      >
        <div
          className="MuiListItemIcon-root css-cokf1l-MuiListItemIcon-root"
        >
          <svg
            aria-hidden={true}
            className="MuiSvgIcon-root MuiSvgIcon-fontSizeMedium css-14500qs-MuiSvgIcon-root"
            data-testid="LabelIcon"
            focusable="false"
            viewBox="0 0 24 24"
          >
            <path
              d="M17.63 5.84C17.27 5.33 16.67 5 16 5L5 5.01C3.9 5.01 3 5.9 3 7v10c0 1.1.9 1.99 2 1.99L16 19c.67 0 1.27-.33 1.63-.84L22 12z"
            />
          </svg>
        </div>
        <div
          className="MuiListItemText-root css-10be8wv-MuiListItemText-root"
        >
          <h6
            className="MuiTypography-root MuiTypography-subtitle2 MuiListItemText-primary css-1ar4pcq-MuiTypography-root"
            style={{}}
          >
            ROLE
          </h6>
        </div>
        <div
          className="MuiListItemIcon-root css-vm1nrx-MuiListItemIcon-root"
        >
          <svg
            aria-hidden={true}
            className="MuiSvgIcon-root MuiSvgIcon-fontSizeMedium css-14500qs-MuiSvgIcon-root"
            data-testid="ExpandMoreIcon"
            focusable="false"
            viewBox="0 0 24 24"
          >
            <path
              d="M16.59 8.59 12 13.17 7.41 8.59 6 10l6 6 6-6z"
            />
          </svg>
        </div>
      </li>
      <div
        className="MuiCollapse-root MuiCollapse-vertical MuiCollapse-hidden css-cwrbtg-MuiCollapse-root"
        style={
          {
            "minHeight": "0px",
          }
        }
      >
        <div
          className="MuiCollapse-wrapper MuiCollapse-vertical css-1x6hinx-MuiCollapse-wrapper"
        >
          <div
            className="MuiCollapse-wrapperInner MuiCollapse-vertical css-1i4ywhz-MuiCollapse-wrapperInner"
          >
            <div
              className="MuiList-root css-54zhjy-MuiList-root"
            >
              <div
                className="MuiBox-root css-0"
              >
                <li
                  button={true}
                  className="MuiListItem-root MuiListItem-gutters MuiListItem-padding css-z2qibm-MuiListItem-root"
                  onClick={[Function]}
                >
                  <div
                    className="MuiListItemText-root css-1dbtewr-MuiListItemText-root"
                  >
                    <h6
                      className="MuiTypography-root MuiTypography-subtitle1 MuiListItemText-primary css-1xvkgzy-MuiTypography-root"
                      style={{}}
                    >
                      dummyrole
                    </h6>
                  </div>
                  <div
                    className="MuiListItemIcon-root css-vm1nrx-MuiListItemIcon-root"
                  >
                    <svg
                      aria-hidden={true}
                      className="MuiSvgIcon-root MuiSvgIcon-fontSizeMedium css-14500qs-MuiSvgIcon-root"
                      data-testid="ExpandMoreIcon"
                      focusable="false"
                      viewBox="0 0 24 24"
                    >
                      <path
                        d="M16.59 8.59 12 13.17 7.41 8.59 6 10l6 6 6-6z"
                      />
                    </svg>
                  </div>
                </li>
                <div
                  className="MuiCollapse-root MuiCollapse-vertical MuiCollapse-hidden css-ztu2fs-MuiCollapse-root"
                  style={
                    {
                      "minHeight": "0px",
                    }
                  }
                >
                  <div
                    className="MuiCollapse-wrapper MuiCollapse-vertical css-1x6hinx-MuiCollapse-wrapper"
                  >
                    <div
                      className="MuiCollapse-wrapperInner MuiCollapse-vertical css-1i4ywhz-MuiCollapse-wrapperInner"
                    >
                      <div
                        className="MuiList-root css-54zhjy-MuiList-root"
                      >
                        <div
                          className="MuiBox-root css-0"
                        >
                          <li
                            button={true}
                            className="MuiListItem-root MuiListItem-gutters MuiListItem-padding css-z2qibm-MuiListItem-root"
                            onClick={[Function]}
                          >
                            <div
                              className="MuiListItemText-root css-1dbtewr-MuiListItemText-root"
                            >
                              <h6
                                className="MuiTypography-root MuiTypography-subtitle1 MuiListItemText-primary css-1xvkgzy-MuiTypography-root"
                                style={{}}
                              >
                                dummysubrole
                              </h6>
                            </div>
                          </li>
                        </div>
                      </div>
                    </div>
                  </div>
                </div>
              </div>
            </div>
          </div>
        </div>
      </div>
    </div>
    <div
      className="MuiBox-root css-0"
    >
      <li
        button={true}
        className="MuiListItem-root MuiListItem-gutters MuiListItem-padding css-z2qibm-MuiListItem-root"
        onClick={[Function]}
      >
        <div
          className="MuiListItemIcon-root css-cokf1l-MuiListItemIcon-root"
        >
          <svg
            aria-hidden={true}
            className="MuiSvgIcon-root MuiSvgIcon-fontSizeMedium css-14500qs-MuiSvgIcon-root"
            data-testid="LabelIcon"
            focusable="false"
            viewBox="0 0 24 24"
          >
            <path
              d="M17.63 5.84C17.27 5.33 16.67 5 16 5L5 5.01C3.9 5.01 3 5.9 3 7v10c0 1.1.9 1.99 2 1.99L16 19c.67 0 1.27-.33 1.63-.84L22 12z"
            />
          </svg>
        </div>
        <div
          className="MuiListItemText-root css-10be8wv-MuiListItemText-root"
        >
          <h6
            className="MuiTypography-root MuiTypography-subtitle2 MuiListItemText-primary css-1ar4pcq-MuiTypography-root"
            style={{}}
          >
            RESOURCE
          </h6>
        </div>
        <div
          className="MuiListItemIcon-root css-vm1nrx-MuiListItemIcon-root"
        >
          <svg
            aria-hidden={true}
            className="MuiSvgIcon-root MuiSvgIcon-fontSizeMedium css-14500qs-MuiSvgIcon-root"
            data-testid="ExpandMoreIcon"
            focusable="false"
            viewBox="0 0 24 24"
          >
            <path
              d="M16.59 8.59 12 13.17 7.41 8.59 6 10l6 6 6-6z"
            />
          </svg>
        </div>
      </li>
      <div
        className="MuiCollapse-root MuiCollapse-vertical MuiCollapse-hidden css-cwrbtg-MuiCollapse-root"
        style={
          {
            "minHeight": "0px",
          }
        }
      >
        <div
          className="MuiCollapse-wrapper MuiCollapse-vertical css-1x6hinx-MuiCollapse-wrapper"
        >
          <div
            className="MuiCollapse-wrapperInner MuiCollapse-vertical css-1i4ywhz-MuiCollapse-wrapperInner"
          >
            <div
              className="MuiList-root css-54zhjy-MuiList-root"
            >
              <div
                className="MuiBox-root css-0"
              >
                <li
                  button={true}
                  className="MuiListItem-root MuiListItem-gutters MuiListItem-padding css-z2qibm-MuiListItem-root"
                  onClick={[Function]}
                >
                  <div
                    className="MuiListItemText-root css-1dbtewr-MuiListItemText-root"
                  >
                    <h6
                      className="MuiTypography-root MuiTypography-subtitle1 MuiListItemText-primary css-1xvkgzy-MuiTypography-root"
                      style={{}}
                    >
                      dummyresource
                    </h6>
                  </div>
                  <div
                    className="MuiListItemIcon-root css-vm1nrx-MuiListItemIcon-root"
                  >
                    <svg
                      aria-hidden={true}
                      className="MuiSvgIcon-root MuiSvgIcon-fontSizeMedium css-14500qs-MuiSvgIcon-root"
                      data-testid="ExpandMoreIcon"
                      focusable="false"
                      viewBox="0 0 24 24"
                    >
                      <path
                        d="M16.59 8.59 12 13.17 7.41 8.59 6 10l6 6 6-6z"
                      />
                    </svg>
                  </div>
                </li>
                <div
                  className="MuiCollapse-root MuiCollapse-vertical MuiCollapse-hidden css-ztu2fs-MuiCollapse-root"
                  style={
                    {
                      "minHeight": "0px",
                    }
                  }
                >
                  <div
                    className="MuiCollapse-wrapper MuiCollapse-vertical css-1x6hinx-MuiCollapse-wrapper"
                  >
                    <div
                      className="MuiCollapse-wrapperInner MuiCollapse-vertical css-1i4ywhz-MuiCollapse-wrapperInner"
                    >
                      <div
                        className="MuiList-root css-54zhjy-MuiList-root"
                      >
                        <div
                          className="MuiBox-root css-0"
                        >
                          <li
                            button={true}
                            className="MuiListItem-root MuiListItem-gutters MuiListItem-padding css-z2qibm-MuiListItem-root"
                            onClick={[Function]}
                          >
                            <div
                              className="MuiListItemText-root css-1dbtewr-MuiListItemText-root"
                            >
                              <h6
                                className="MuiTypography-root MuiTypography-subtitle1 MuiListItemText-primary css-1xvkgzy-MuiTypography-root"
                                style={{}}
                              >
                                dummysubresource
                              </h6>
                            </div>
                          </li>
                        </div>
                      </div>
                    </div>
                  </div>
                </div>
              </div>
            </div>
          </div>
        </div>
      </div>
    </div>
    <div
      className="MuiBox-root css-0"
    >
      <li
        button={true}
        className="MuiListItem-root MuiListItem-gutters MuiListItem-padding css-z2qibm-MuiListItem-root"
        onClick={[Function]}
      >
        <div
          className="MuiListItemIcon-root css-cokf1l-MuiListItemIcon-root"
        >
          <svg
            aria-hidden={true}
            className="MuiSvgIcon-root MuiSvgIcon-fontSizeMedium css-14500qs-MuiSvgIcon-root"
            data-testid="LabelIcon"
            focusable="false"
            viewBox="0 0 24 24"
          >
            <path
              d="M17.63 5.84C17.27 5.33 16.67 5 16 5L5 5.01C3.9 5.01 3 5.9 3 7v10c0 1.1.9 1.99 2 1.99L16 19c.67 0 1.27-.33 1.63-.84L22 12z"
            />
          </svg>
        </div>
        <div
          className="MuiListItemText-root css-10be8wv-MuiListItemText-root"
        >
          <h6
            className="MuiTypography-root MuiTypography-subtitle2 MuiListItemText-primary css-1ar4pcq-MuiTypography-root"
            style={{}}
          >
            POLICY
          </h6>
        </div>
        <div
          className="MuiListItemIcon-root css-vm1nrx-MuiListItemIcon-root"
        >
          <svg
            aria-hidden={true}
            className="MuiSvgIcon-root MuiSvgIcon-fontSizeMedium css-14500qs-MuiSvgIcon-root"
            data-testid="ExpandMoreIcon"
            focusable="false"
            viewBox="0 0 24 24"
          >
            <path
              d="M16.59 8.59 12 13.17 7.41 8.59 6 10l6 6 6-6z"
            />
          </svg>
        </div>
      </li>
      <div
        className="MuiCollapse-root MuiCollapse-vertical MuiCollapse-hidden css-cwrbtg-MuiCollapse-root"
        style={
          {
            "minHeight": "0px",
          }
        }
      >
        <div
          className="MuiCollapse-wrapper MuiCollapse-vertical css-1x6hinx-MuiCollapse-wrapper"
        >
          <div
            className="MuiCollapse-wrapperInner MuiCollapse-vertical css-1i4ywhz-MuiCollapse-wrapperInner"
          >
            <div
              className="MuiList-root css-54zhjy-MuiList-root"
            >
              <div
                className="MuiBox-root css-0"
              >
                <li
                  button={true}
                  className="MuiListItem-root MuiListItem-gutters MuiListItem-padding css-z2qibm-MuiListItem-root"
                  onClick={[Function]}
                >
                  <div
                    className="MuiListItemText-root css-1dbtewr-MuiListItemText-root"
                  >
                    <h6
                      className="MuiTypography-root MuiTypography-subtitle1 MuiListItemText-primary css-1xvkgzy-MuiTypography-root"
                      style={{}}
                    >
                      dummypolicy
                    </h6>
                  </div>
                  <div
                    className="MuiListItemIcon-root css-vm1nrx-MuiListItemIcon-root"
                  >
                    <svg
                      aria-hidden={true}
                      className="MuiSvgIcon-root MuiSvgIcon-fontSizeMedium css-14500qs-MuiSvgIcon-root"
                      data-testid="ExpandMoreIcon"
                      focusable="false"
                      viewBox="0 0 24 24"
                    >
                      <path
                        d="M16.59 8.59 12 13.17 7.41 8.59 6 10l6 6 6-6z"
                      />
                    </svg>
                  </div>
                </li>
                <div
                  className="MuiCollapse-root MuiCollapse-vertical MuiCollapse-hidden css-ztu2fs-MuiCollapse-root"
                  style={
                    {
                      "minHeight": "0px",
                    }
                  }
                >
                  <div
                    className="MuiCollapse-wrapper MuiCollapse-vertical css-1x6hinx-MuiCollapse-wrapper"
                  >
                    <div
                      className="MuiCollapse-wrapperInner MuiCollapse-vertical css-1i4ywhz-MuiCollapse-wrapperInner"
                    >
                      <div
                        className="MuiList-root css-54zhjy-MuiList-root"
                      >
                        <div
                          className="MuiBox-root css-0"
                        >
                          <li
                            button={true}
                            className="MuiListItem-root MuiListItem-gutters MuiListItem-padding css-z2qibm-MuiListItem-root"
                            onClick={[Function]}
                          >
                            <div
                              className="MuiListItemText-root css-1dbtewr-MuiListItemText-root"
                            >
                              <h6
                                className="MuiTypography-root MuiTypography-subtitle1 MuiListItemText-primary css-1xvkgzy-MuiTypography-root"
                                style={{}}
                              >
                                dummysubpolicy
                              </h6>
                            </div>
                          </li>
                        </div>
                      </div>
                    </div>
                  </div>
                </div>
              </div>
            </div>
          </div>
        </div>
      </div>
    </div>
  </div>
</div>
`;
