// Jest Snapshot v1, https://goo.gl/fbAQLP

exports[`R3CreateServiceDialog test snapshot for R3SigninCredDialog 1`] = `
<
  aria-label="signin credential dialog"
  className="MuiDialog-root css-1pivxxs-MuiDialog-root"
  closeAfterTransition={true}
  disableEscapeKeyDown={false}
  disablePortal={true}
  label="signin-dialog"
  onClick={[Function]}
  onClose={[Function]}
  open={true}
  slotProps={
    {
      "backdrop": {
        "as": undefined,
        "ownerState": {
          "aria-label": "signin credential dialog",
          "children": [
            <ForwardRef(DialogTitle)
              label="signin-dialog"
              sx={{}}
            >
              <ForwardRef(Typography)
                color="primary"
                component="span"
                noWrap={true}
                sx={{}}
                variant="h5"
              >
                Signin
              </ForwardRef(Typography)>
            </ForwardRef(DialogTitle)>,
            <ForwardRef(DialogContent)
              sx={{}}
            >
              <ForwardRef(DialogContentText)
                component="span"
                sx={{}}
              />
              <ForwardRef(TextField)
                InputProps={
                  {
                    "sx": {
                      "color": "rgba(0, 0, 0, 0.6)",
                    },
                  }
                }
                fullWidth={true}
                id="username-textfield-id"
                label="USER NAME(ID etc)"
                margin="normal"
                onChange={[Function]}
                placeholder="input username(id) to sign in"
                sx={
                  {
                    "clear": "both",
                    "margin": "8px",
                  }
                }
                value=""
              />
              <ForwardRef(TextField)
                InputProps={
                  {
                    "endAdornment": <ForwardRef(InputAdornment)
                      position="end"
                    >
                      <ForwardRef(IconButton)
                        aria-label="toggle passphrase visibility"
                        color="secondary"
                        onClick={[Function]}
                        size="large"
                      >
                        <Memo />
                      </ForwardRef(IconButton)>
                    </ForwardRef(InputAdornment)>,
                    "sx": {
                      "color": "rgba(0, 0, 0, 0.6)",
                    },
                  }
                }
                fullWidth={true}
                id="passphrase-textfield-id"
                label="PASS PHRASE"
                margin="normal"
                onChange={[Function]}
                placeholder="input passphrase(allow empty)"
                sx={
                  {
                    "clear": "both",
                    "margin": "8px",
                  }
                }
                type="password"
                value=""
              />
            </ForwardRef(DialogContent)>,
            <ForwardRef(DialogActions)>
              <ForwardRef(Button)
                aria-label="cancel"
                color="primary"
                onClick={[Function]}
                sx={
                  {
                    "marginTop": "16px",
                  }
                }
                variant="contained"
              >
                CANCEL
                <Memo
                  sx={
                    {
                      "marginLeft": "8px",
                    }
                  }
                />
              </ForwardRef(Button)>
              <ForwardRef(Button)
                aria-label="sign in"
                color="secondary"
                disabled={true}
                onClick={[Function]}
                sx={
                  {
                    "marginTop": "16px",
                  }
                }
                variant="contained"
              >
                SGIN IN
                <Memo
                  sx={
                    {
                      "marginLeft": "8px",
                    }
                  }
                />
              </ForwardRef(Button)>
            </ForwardRef(DialogActions)>,
          ],
          "disableEscapeKeyDown": false,
          "disablePortal": true,
          "fullScreen": false,
          "fullWidth": true,
          "label": "signin-dialog",
          "maxWidth": "sm",
          "onClose": [Function],
          "open": true,
          "scroll": "body",
          "sx": {},
        },
        "ref": null,
        "transitionDuration": {
          "enter": 225,
          "exit": 195,
        },
      },
    }
  }
  slots={
    {
      "backdrop": {
        "$$typeof": Symbol(react.forward_ref),
        "__emotion_base": {
          "$$typeof": Symbol(react.forward_ref),
          "propTypes": {
            "TransitionComponent": [Function],
            "children": [Function],
            "className": [Function],
            "classes": [Function],
            "component": [Function],
            "components": [Function],
            "componentsProps": [Function],
            "invisible": [Function],
            "open": [Function],
            "slotProps": [Function],
            "slots": [Function],
            "sx": [Function],
            "transitionDuration": [Function],
          },
          "render": [Function],
        },
        "__emotion_forwardProp": [Function],
        "__emotion_real": [Circular],
        "__emotion_styles": [
          "label:MuiDialog-backdrop;",
          [Function],
          {
            "name": "1mbdz04",
            "next": undefined,
            "styles": "z-index:-1;",
          },
          [Function],
          [Function],
        ],
        "defaultProps": undefined,
        "render": [Function],
        "withComponent": [Function],
      },
    }
  }
>
  <
    appear={true}
    in={true}
    role="presentation"
    timeout={
      {
        "enter": 225,
        "exit": 195,
      }
    }
  >
    <div
      className="MuiDialog-container MuiDialog-scrollBody css-xmd51d-MuiDialog-container"
      onMouseDown={[Function]}
    >
      <div
        aria-labelledby=":r0:"
        aria-modal={true}
        className="MuiPaper-root MuiPaper-elevation MuiPaper-rounded MuiPaper-elevation24 MuiDialog-paper MuiDialog-paperScrollBody MuiDialog-paperWidthSm MuiDialog-paperFullWidth css-155t3jt-MuiPaper-root-MuiDialog-paper"
        role="dialog"
        style={
          {
            "--Paper-shadow": "0px 11px 15px -7px rgba(0,0,0,0.2),0px 24px 38px 3px rgba(0,0,0,0.14),0px 9px 46px 8px rgba(0,0,0,0.12)",
          }
        }
      >
        <h2
          className="MuiTypography-root MuiTypography-h6 MuiDialogTitle-root css-1cw1x2b-MuiTypography-root-MuiDialogTitle-root"
          id=":r0:"
          label="signin-dialog"
          style={{}}
        >
          <span
            className="MuiTypography-root MuiTypography-h5 MuiTypography-noWrap css-paidjd-MuiTypography-root"
            style={{}}
          >
            Signin
          </span>
        </h2>
        <div
          className="MuiDialogContent-root css-kw13he-MuiDialogContent-root"
        >
          <span
            className="MuiTypography-root MuiDialogContentText-root MuiTypography-body1 MuiDialogContentText-root css-asjdh5-MuiTypography-root-MuiDialogContentText-root"
            style={{}}
          />
          <div
            className="MuiFormControl-root MuiFormControl-marginNormal MuiFormControl-fullWidth MuiTextField-root css-xqp15c-MuiFormControl-root-MuiTextField-root"
          >
            <label
              className="MuiFormLabel-root MuiInputLabel-root MuiInputLabel-formControl MuiInputLabel-animated MuiInputLabel-sizeMedium MuiInputLabel-standard MuiFormLabel-colorPrimary MuiInputLabel-root MuiInputLabel-formControl MuiInputLabel-animated MuiInputLabel-sizeMedium MuiInputLabel-standard css-xbiozf-MuiFormLabel-root-MuiInputLabel-root"
              data-shrink={false}
              htmlFor="username-textfield-id"
              id="username-textfield-id-label"
            >
              USER NAME(ID etc)
            </label>
            <div
              className="MuiInputBase-root MuiInput-root MuiInput-underline MuiInputBase-colorPrimary MuiInputBase-fullWidth MuiInputBase-formControl css-1uv3abs-MuiInputBase-root-MuiInput-root"
              onClick={[Function]}
            >
              <input
                aria-invalid={false}
                autoFocus={false}
                className="MuiInputBase-input MuiInput-input css-1yrc8ca-MuiInputBase-input-MuiInput-input"
                disabled={false}
                id="username-textfield-id"
                onAnimationStart={[Function]}
                onBlur={[Function]}
                onChange={[Function]}
                onFocus={[Function]}
                placeholder="input username(id) to sign in"
                required={false}
                type="text"
                value=""
              />
            </div>
          </div>
          <div
            className="MuiFormControl-root MuiFormControl-marginNormal MuiFormControl-fullWidth MuiTextField-root css-xqp15c-MuiFormControl-root-MuiTextField-root"
          >
            <label
              className="MuiFormLabel-root MuiInputLabel-root MuiInputLabel-formControl MuiInputLabel-animated MuiInputLabel-sizeMedium MuiInputLabel-standard MuiFormLabel-colorPrimary MuiInputLabel-root MuiInputLabel-formControl MuiInputLabel-animated MuiInputLabel-sizeMedium MuiInputLabel-standard css-xbiozf-MuiFormLabel-root-MuiInputLabel-root"
              data-shrink={false}
              htmlFor="passphrase-textfield-id"
              id="passphrase-textfield-id-label"
            >
              PASS PHRASE
            </label>
            <div
              className="MuiInputBase-root MuiInput-root MuiInput-underline MuiInputBase-colorPrimary MuiInputBase-fullWidth MuiInputBase-formControl MuiInputBase-adornedEnd css-1uv3abs-MuiInputBase-root-MuiInput-root"
              onClick={[Function]}
            >
              <input
                aria-invalid={false}
                autoFocus={false}
                className="MuiInputBase-input MuiInput-input MuiInputBase-inputAdornedEnd css-1yrc8ca-MuiInputBase-input-MuiInput-input"
                disabled={false}
                id="passphrase-textfield-id"
                onAnimationStart={[Function]}
                onBlur={[Function]}
                onChange={[Function]}
                onFocus={[Function]}
                placeholder="input passphrase(allow empty)"
                required={false}
                type="password"
                value=""
              />
              <div
                className="MuiInputAdornment-root MuiInputAdornment-positionEnd MuiInputAdornment-standard MuiInputAdornment-sizeMedium css-elo8k2-MuiInputAdornment-root"
              >
                <button
                  aria-label="toggle passphrase visibility"
                  className="MuiButtonBase-root MuiIconButton-root MuiIconButton-colorSecondary MuiIconButton-sizeLarge css-oxm8gk-MuiButtonBase-root-MuiIconButton-root"
                  disabled={null}
                  onBlur={[Function]}
                  onClick={[Function]}
                  onContextMenu={[Function]}
                  onDragLeave={[Function]}
                  onFocus={[Function]}
                  onKeyDown={[Function]}
                  onKeyUp={[Function]}
                  onMouseDown={[Function]}
                  onMouseLeave={[Function]}
                  onMouseUp={[Function]}
                  onTouchEnd={[Function]}
                  onTouchMove={[Function]}
                  onTouchStart={[Function]}
                  tabIndex={0}
                  type="button"
                >
                  <svg
                    aria-hidden={true}
                    className="MuiSvgIcon-root MuiSvgIcon-fontSizeMedium css-14500qs-MuiSvgIcon-root"
                    data-testid="VisibilityIcon"
                    focusable="false"
                    viewBox="0 0 24 24"
                  >
                    <path
                      d="M12 4.5C7 4.5 2.73 7.61 1 12c1.73 4.39 6 7.5 11 7.5s9.27-3.11 11-7.5c-1.73-4.39-6-7.5-11-7.5M12 17c-2.76 0-5-2.24-5-5s2.24-5 5-5 5 2.24 5 5-2.24 5-5 5m0-8c-1.66 0-3 1.34-3 3s1.34 3 3 3 3-1.34 3-3-1.34-3-3-3"
                    />
                  </svg>
                </button>
              </div>
            </div>
          </div>
        </div>
        <div
          className="MuiDialogActions-root MuiDialogActions-spacing css-15fu35s-MuiDialogActions-root"
        >
          <button
            aria-label="cancel"
            className="MuiButtonBase-root MuiButton-root MuiButton-contained MuiButton-containedPrimary MuiButton-sizeMedium MuiButton-containedSizeMedium MuiButton-colorPrimary MuiButton-root MuiButton-contained MuiButton-containedPrimary MuiButton-sizeMedium MuiButton-containedSizeMedium MuiButton-colorPrimary css-8am8uk-MuiButtonBase-root-MuiButton-root"
            disabled={null}
            onBlur={[Function]}
            onClick={[Function]}
            onContextMenu={[Function]}
            onDragLeave={[Function]}
            onFocus={[Function]}
            onKeyDown={[Function]}
            onKeyUp={[Function]}
            onMouseDown={[Function]}
            onMouseLeave={[Function]}
            onMouseUp={[Function]}
            onTouchEnd={[Function]}
            onTouchMove={[Function]}
            onTouchStart={[Function]}
            tabIndex={0}
            type="button"
          >
            CANCEL
            <svg
              aria-hidden={true}
              className="MuiSvgIcon-root MuiSvgIcon-fontSizeMedium css-2zpagu-MuiSvgIcon-root"
              data-testid="CancelIcon"
              focusable="false"
              viewBox="0 0 24 24"
            >
              <path
                d="M12 2C6.47 2 2 6.47 2 12s4.47 10 10 10 10-4.47 10-10S17.53 2 12 2m5 13.59L15.59 17 12 13.41 8.41 17 7 15.59 10.59 12 7 8.41 8.41 7 12 10.59 15.59 7 17 8.41 13.41 12z"
              />
            </svg>
          </button>
          <button
            aria-label="sign in"
            className="MuiButtonBase-root MuiButton-root MuiButton-contained MuiButton-containedSecondary MuiButton-sizeMedium MuiButton-containedSizeMedium MuiButton-colorSecondary Mui-disabled MuiButton-root MuiButton-contained MuiButton-containedSecondary MuiButton-sizeMedium MuiButton-containedSizeMedium MuiButton-colorSecondary css-clumik-MuiButtonBase-root-MuiButton-root"
            disabled={true}
            onBlur={[Function]}
            onClick={[Function]}
            onContextMenu={[Function]}
            onDragLeave={[Function]}
            onFocus={[Function]}
            onKeyDown={[Function]}
            onKeyUp={[Function]}
            onMouseDown={[Function]}
            onMouseLeave={[Function]}
            onMouseUp={[Function]}
            onTouchEnd={[Function]}
            onTouchMove={[Function]}
            onTouchStart={[Function]}
            tabIndex={-1}
            type="button"
          >
            SGIN IN
            <svg
              aria-hidden={true}
              className="MuiSvgIcon-root MuiSvgIcon-fontSizeMedium css-2zpagu-MuiSvgIcon-root"
              data-testid="CheckCircleIcon"
              focusable="false"
              viewBox="0 0 24 24"
            >
              <path
                d="M12 2C6.48 2 2 6.48 2 12s4.48 10 10 10 10-4.48 10-10S17.52 2 12 2m-2 15-5-5 1.41-1.41L10 14.17l7.59-7.59L19 8z"
              />
            </svg>
          </button>
        </div>
      </div>
    </div>
  </>
</>
`;
