// Jest Snapshot v1, https://goo.gl/fbAQLP

exports[`R3CreateServiceTenantDialog test snapshot for R3CreateServiceTenantDialog 1`] = `
<
  aria-label="create service dialog"
  className="MuiDialog-root R3CreateServiceTenantDialog-root-1 css-1h8td7x-MuiDialog-root"
  closeAfterTransition={true}
  components={
    Object {
      "Backdrop": Object {
        "$$typeof": Symbol(react.forward_ref),
        "__emotion_base": Object {
          "$$typeof": Symbol(react.forward_ref),
          "propTypes": Object {
            "children": [Function],
            "className": [Function],
            "classes": [Function],
            "component": [Function],
            "components": [Function],
            "componentsProps": [Function],
            "invisible": [Function],
            "open": [Function],
            "sx": [Function],
            "transitionDuration": [Function],
          },
          "render": [Function],
        },
        "__emotion_forwardProp": [Function],
        "__emotion_real": [Circular],
        "__emotion_styles": Array [
          "label:MuiDialog-backdrop;",
          Object {
            "zIndex": -1,
          },
          [Function],
        ],
        "defaultProps": undefined,
        "render": [Function],
        "withComponent": [Function],
      },
    }
  }
  componentsProps={
    Object {
      "backdrop": Object {
        "as": undefined,
        "transitionDuration": Object {
          "enter": 225,
          "exit": 195,
        },
      },
    }
  }
  disableEscapeKeyDown={false}
  label="create-service-dialog"
  onClick={[Function]}
  onClose={[Function]}
  open={true}
>
  <
    appear={true}
    in={true}
    role="presentation"
    timeout={
      Object {
        "enter": 225,
        "exit": 195,
      }
    }
  >
    <div
      className="MuiDialog-container MuiDialog-scrollBody css-iz3z40-MuiDialog-container"
      onMouseDown={[Function]}
    >
      <div
        className="MuiPaper-root MuiPaper-elevation MuiPaper-rounded MuiPaper-elevation24 MuiDialog-paper MuiDialog-paperScrollBody MuiDialog-paperWidthSm MuiDialog-paperFullWidth css-zfoovh-MuiPaper-root-MuiDialog-paper"
        role="dialog"
      >
        <h2
          className="MuiTypography-root MuiTypography-h6 MuiDialogTitle-root R3CreateServiceTenantDialog-dialogTitle-2 css-bdhsul-MuiTypography-root-MuiDialogTitle-root"
          label="create-service-dialog"
        >
          <span
            className="MuiTypography-root MuiTypography-h5 MuiTypography-noWrap R3CreateServiceTenantDialog-title-3 css-idtq1y-MuiTypography-root"
          >
            Created TENANT cooperation SERVICE
          </span>
        </h2>
        <div
          className="MuiDialogContent-root R3CreateServiceTenantDialog-dialogContent-4 css-ypiqx9-MuiDialogContent-root"
        >
          <span
            className="MuiTypography-root MuiTypography-subtitle2 MuiTypography-noWrap R3CreateServiceTenantDialog-keyTitle-5 css-qxncr6-MuiTypography-root"
          >
            TENANT
          </span>
          <span
            className="MuiTypography-root MuiTypography-body1 R3CreateServiceTenantDialog-value-6 css-nrdprl-MuiTypography-root"
          >
            GROUP0:TENANT0
          </span>
          <span
            className="MuiTypography-root MuiTypography-subtitle2 MuiTypography-noWrap R3CreateServiceTenantDialog-keyTitle-5 css-qxncr6-MuiTypography-root"
          >
            SERVICE
          </span>
          <span
            className="MuiTypography-root MuiTypography-body1 R3CreateServiceTenantDialog-value-6 css-nrdprl-MuiTypography-root"
          >
            JEST_OWNER_SERVICE_NAME
          </span>
          <span
            className="MuiTypography-root MuiTypography-subtitle2 MuiTypography-noWrap R3CreateServiceTenantDialog-keyTitle-5 css-qxncr6-MuiTypography-root"
          >
            PATH
          </span>
          <span
            className="MuiTypography-root MuiTypography-body1 R3CreateServiceTenantDialog-value-6 css-nrdprl-MuiTypography-root"
          >
            yrn:yahoo:JEST_OWNER_SERVICE_NAME::10000
          </span>
          <span
            className="MuiTypography-root MuiTypography-subtitle2 MuiTypography-noWrap R3CreateServiceTenantDialog-keyTitle-5 css-qxncr6-MuiTypography-root"
          >
            Cooperation ROLE (Specify ROLE: Allowed empty)
          </span>
          <div
            className="MuiFormControl-root MuiTextField-root R3CreateServiceTenantDialog-textField-8 css-1u3bzj6-MuiFormControl-root-MuiTextField-root"
          >
            <div
              className="MuiInput-root MuiInput-underline MuiInputBase-root MuiInputBase-colorPrimary MuiInputBase-formControl R3CreateServiceTenantDialog-inputTextField-9 css-1ptx2yq-MuiInputBase-root-MuiInput-root"
              onClick={[Function]}
            >
              <input
                aria-invalid={false}
                aria-label="input create path"
                autoFocus={false}
                className="MuiInput-input MuiInputBase-input css-1x51dt5-MuiInputBase-input-MuiInput-input"
                disabled={false}
                id="service-tenant-textfield-id"
                onAnimationStart={[Function]}
                onBlur={[Function]}
                onChange={[Function]}
                onFocus={[Function]}
                placeholder="Role path under tenant(yrn:yahoo:::<tenant>)"
                required={false}
                type="text"
                value=""
              />
            </div>
          </div>
        </div>
        <div
          className="MuiDialogActions-root MuiDialogActions-spacing css-hlj6pa-MuiDialogActions-root"
        >
          <button
            aria-label="cancel"
            className="MuiButton-root MuiButton-contained MuiButton-containedPrimary MuiButton-sizeMedium MuiButton-containedSizeMedium MuiButtonBase-root R3CreateServiceTenantDialog-cancelButton-10 css-sghohy-MuiButtonBase-root-MuiButton-root"
            disabled={false}
            onBlur={[Function]}
            onClick={[Function]}
            onContextMenu={[Function]}
            onDragLeave={[Function]}
            onFocus={[Function]}
            onKeyDown={[Function]}
            onKeyUp={[Function]}
            onMouseDown={[Function]}
            onMouseLeave={[Function]}
            onMouseUp={[Function]}
            onTouchEnd={[Function]}
            onTouchMove={[Function]}
            onTouchStart={[Function]}
            tabIndex={0}
            type="button"
          >
            CANCEL
            <svg
              aria-hidden={true}
              className="MuiSvgIcon-root MuiSvgIcon-fontSizeMedium R3CreateServiceTenantDialog-buttonIcon-12 css-i4bv87-MuiSvgIcon-root"
              data-testid="CancelIcon"
              focusable="false"
              viewBox="0 0 24 24"
            >
              <path
                d="M12 2C6.47 2 2 6.47 2 12s4.47 10 10 10 10-4.47 10-10S17.53 2 12 2zm5 13.59L15.59 17 12 13.41 8.41 17 7 15.59 10.59 12 7 8.41 8.41 7 12 10.59 15.59 7 17 8.41 13.41 12 17 15.59z"
              />
            </svg>
          </button>
          <button
            aria-label="ok"
            className="MuiButton-root MuiButton-contained MuiButton-containedSecondary MuiButton-sizeMedium MuiButton-containedSizeMedium MuiButtonBase-root R3CreateServiceTenantDialog-okButton-11 css-zcbmsk-MuiButtonBase-root-MuiButton-root"
            disabled={false}
            onBlur={[Function]}
            onClick={[Function]}
            onContextMenu={[Function]}
            onDragLeave={[Function]}
            onFocus={[Function]}
            onKeyDown={[Function]}
            onKeyUp={[Function]}
            onMouseDown={[Function]}
            onMouseLeave={[Function]}
            onMouseUp={[Function]}
            onTouchEnd={[Function]}
            onTouchMove={[Function]}
            onTouchStart={[Function]}
            tabIndex={0}
            type="button"
          >
            OK
            <svg
              aria-hidden={true}
              className="MuiSvgIcon-root MuiSvgIcon-fontSizeMedium R3CreateServiceTenantDialog-buttonIcon-12 css-i4bv87-MuiSvgIcon-root"
              data-testid="CheckCircleIcon"
              focusable="false"
              viewBox="0 0 24 24"
            >
              <path
                d="M12 2C6.48 2 2 6.48 2 12s4.48 10 10 10 10-4.48 10-10S17.52 2 12 2zm-2 15-5-5 1.41-1.41L10 14.17l7.59-7.59L19 8l-9 9z"
              />
            </svg>
          </button>
        </div>
      </div>
    </div>
  </>
</>
`;
