// Jest Snapshot v1, https://goo.gl/fbAQLP

exports[`R3MainTree test snapshot for R3MainTree 1`] = `
<div
  className="R3MainTree-dockedList-12"
>
  <div>
    <header
      className="MuiPaper-root MuiPaper-elevation0 MuiAppBar-root MuiAppBar-positionStatic R3MainTree-subheaderAppbar-5 MuiAppBar-colorPrimary"
    >
      <div
        className="MuiToolbar-root MuiToolbar-dense R3MainTree-subheaderToolbar-6 MuiToolbar-gutters"
      >
        <div
          className="MuiChip-root R3MainTree-chip-9 MuiChip-colorPrimary"
          onKeyDown={[Function]}
          onKeyUp={[Function]}
        >
          <span
            className="MuiChip-label"
          >
            <span
              className="MuiTypography-root R3MainTree-chipText-10 MuiTypography-subtitle2"
            >
              TENANT
            </span>
          </span>
        </div>
        <span
          className="MuiTypography-root R3MainTree-tenantListText-2 MuiTypography-subtitle2 MuiTypography-colorTextSecondary"
        >
          GROUP0:TENANT0
        </span>
        <button
          aria-describedby={null}
          aria-label="select tenant"
          className="MuiButtonBase-root MuiIconButton-root"
          disabled={false}
          label="select-tenant"
          onBlur={[Function]}
          onClick={[Function]}
          onDragLeave={[Function]}
          onFocus={[Function]}
          onKeyDown={[Function]}
          onKeyUp={[Function]}
          onMouseDown={[Function]}
          onMouseEnter={[Function]}
          onMouseLeave={[Function]}
          onMouseOver={[Function]}
          onMouseUp={[Function]}
          onTouchEnd={[Function]}
          onTouchMove={[Function]}
          onTouchStart={[Function]}
          tabIndex={0}
          title="Select tenant"
          type="button"
        >
          <span
            className="MuiIconButton-label"
          >
            <svg
              aria-hidden="true"
              className="MuiSvgIcon-root"
              focusable="false"
              role="presentation"
              viewBox="0 0 24 24"
            >
              <path
                d="M12 8c1.1 0 2-.9 2-2s-.9-2-2-2-2 .9-2 2 .9 2 2 2zm0 2c-1.1 0-2 .9-2 2s.9 2 2 2 2-.9 2-2-.9-2-2-2zm0 6c-1.1 0-2 .9-2 2s.9 2 2 2 2-.9 2-2-.9-2-2-2z"
              />
            </svg>
          </span>
          <span
            className="MuiTouchRipple-root"
          />
        </button>
      </div>
    </header>
  </div>
  <div
    className="MuiList-root"
    id="mainTree-top-list"
  >
    <div>
      <div
        aria-disabled={false}
        className="MuiButtonBase-root MuiListItem-root MuiListItem-gutters MuiListItem-button"
        onBlur={[Function]}
        onClick={[Function]}
        onDragLeave={[Function]}
        onFocus={[Function]}
        onKeyDown={[Function]}
        onKeyUp={[Function]}
        onMouseDown={[Function]}
        onMouseLeave={[Function]}
        onMouseUp={[Function]}
        onTouchEnd={[Function]}
        onTouchMove={[Function]}
        onTouchStart={[Function]}
        role="button"
        tabIndex={0}
      >
        <div
          className="MuiListItemIcon-root"
        >
          <svg
            aria-hidden="true"
            className="MuiSvgIcon-root"
            focusable="false"
            role="presentation"
            viewBox="0 0 24 24"
          >
            <path
              d="M17.63 5.84C17.27 5.33 16.67 5 16 5L5 5.01C3.9 5.01 3 5.9 3 7v10c0 1.1.9 1.99 2 1.99L16 19c.67 0 1.27-.33 1.63-.84L22 12l-4.37-6.16z"
            />
          </svg>
        </div>
        <div
          className="MuiListItemText-root R3MainTree-listItemText-17"
        >
          <span
            className="MuiTypography-root MuiListItemText-primary MuiTypography-subtitle2 MuiTypography-colorTextSecondary"
          >
            SERVICE
          </span>
        </div>
        <div
          className="MuiListItemIcon-root R3MainTree-expandListItemIcon-13"
        >
          <svg
            aria-hidden="true"
            className="MuiSvgIcon-root"
            focusable="false"
            role="presentation"
            viewBox="0 0 24 24"
          >
            <path
              d="M16.59 8.59L12 13.17 7.41 8.59 6 10l6 6 6-6z"
            />
          </svg>
        </div>
        <span
          className="MuiTouchRipple-root"
        />
      </div>
      <div
        className="MuiCollapse-container MuiCollapse-hidden"
        style={
          Object {
            "minHeight": "0px",
          }
        }
      >
        <div
          className="MuiCollapse-wrapper"
        >
          <div
            className="MuiCollapse-wrapperInner"
          >
            <div
              className="MuiList-root"
            >
              <div>
                <div
                  aria-disabled={false}
                  className="MuiButtonBase-root MuiListItem-root MuiListItem-gutters MuiListItem-button"
                  onBlur={[Function]}
                  onClick={[Function]}
                  onDragLeave={[Function]}
                  onFocus={[Function]}
                  onKeyDown={[Function]}
                  onKeyUp={[Function]}
                  onMouseDown={[Function]}
                  onMouseLeave={[Function]}
                  onMouseUp={[Function]}
                  onTouchEnd={[Function]}
                  onTouchMove={[Function]}
                  onTouchStart={[Function]}
                  role="button"
                  tabIndex={0}
                >
                  <div
                    className="MuiListItemText-root R3MainTree-childListItemText-16"
                  >
                    <span
                      className="MuiTypography-root MuiListItemText-primary MuiTypography-subtitle1 MuiTypography-colorTextSecondary"
                    >
                      child_service
                    </span>
                  </div>
                  <div
                    className="MuiListItemIcon-root R3MainTree-expandListItemIcon-13"
                  >
                    <svg
                      aria-hidden="true"
                      className="MuiSvgIcon-root"
                      focusable="false"
                      role="presentation"
                      viewBox="0 0 24 24"
                    >
                      <path
                        d="M16.59 8.59L12 13.17 7.41 8.59 6 10l6 6 6-6z"
                      />
                    </svg>
                  </div>
                  <span
                    className="MuiTouchRipple-root"
                  />
                </div>
                <div
                  className="MuiCollapse-container R3MainTree-collapse-14 MuiCollapse-hidden"
                  style={
                    Object {
                      "minHeight": "0px",
                    }
                  }
                >
                  <div
                    className="MuiCollapse-wrapper"
                  >
                    <div
                      className="MuiCollapse-wrapperInner"
                    >
                      <div
                        className="MuiList-root"
                      >
                        <div>
                          <div
                            aria-disabled={false}
                            className="MuiButtonBase-root MuiListItem-root MuiListItem-gutters MuiListItem-button"
                            onBlur={[Function]}
                            onClick={[Function]}
                            onDragLeave={[Function]}
                            onFocus={[Function]}
                            onKeyDown={[Function]}
                            onKeyUp={[Function]}
                            onMouseDown={[Function]}
                            onMouseLeave={[Function]}
                            onMouseUp={[Function]}
                            onTouchEnd={[Function]}
                            onTouchMove={[Function]}
                            onTouchStart={[Function]}
                            role="button"
                            tabIndex={0}
                          >
                            <div
                              className="MuiListItemText-root R3MainTree-childListItemText-16"
                            >
                              <span
                                className="MuiTypography-root MuiListItemText-primary MuiTypography-subtitle1 MuiTypography-colorTextSecondary"
                              >
                                ROLE
                              </span>
                            </div>
                            <div
                              className="MuiListItemIcon-root R3MainTree-expandListItemIcon-13"
                            >
                              <svg
                                aria-hidden="true"
                                className="MuiSvgIcon-root"
                                focusable="false"
                                role="presentation"
                                viewBox="0 0 24 24"
                              >
                                <path
                                  d="M16.59 8.59L12 13.17 7.41 8.59 6 10l6 6 6-6z"
                                />
                              </svg>
                            </div>
                            <span
                              className="MuiTouchRipple-root"
                            />
                          </div>
                          <div
                            className="MuiCollapse-container R3MainTree-collapse-14 MuiCollapse-hidden"
                            style={
                              Object {
                                "minHeight": "0px",
                              }
                            }
                          >
                            <div
                              className="MuiCollapse-wrapper"
                            >
                              <div
                                className="MuiCollapse-wrapperInner"
                              >
                                <div
                                  className="MuiList-root"
                                >
                                  <div>
                                    <div
                                      aria-disabled={false}
                                      className="MuiButtonBase-root MuiListItem-root MuiListItem-gutters MuiListItem-button"
                                      onBlur={[Function]}
                                      onClick={[Function]}
                                      onDragLeave={[Function]}
                                      onFocus={[Function]}
                                      onKeyDown={[Function]}
                                      onKeyUp={[Function]}
                                      onMouseDown={[Function]}
                                      onMouseLeave={[Function]}
                                      onMouseUp={[Function]}
                                      onTouchEnd={[Function]}
                                      onTouchMove={[Function]}
                                      onTouchStart={[Function]}
                                      role="button"
                                      tabIndex={0}
                                    >
                                      <div
                                        className="MuiListItemText-root R3MainTree-childListItemText-16"
                                      >
                                        <span
                                          className="MuiTypography-root MuiListItemText-primary MuiTypography-subtitle1 MuiTypography-colorTextSecondary"
                                        >
                                          dummyservicerole
                                        </span>
                                      </div>
                                      <span
                                        className="MuiTouchRipple-root"
                                      />
                                    </div>
                                  </div>
                                </div>
                              </div>
                            </div>
                          </div>
                        </div>
                        <div>
                          <div
                            aria-disabled={false}
                            className="MuiButtonBase-root MuiListItem-root MuiListItem-gutters MuiListItem-button"
                            onBlur={[Function]}
                            onClick={[Function]}
                            onDragLeave={[Function]}
                            onFocus={[Function]}
                            onKeyDown={[Function]}
                            onKeyUp={[Function]}
                            onMouseDown={[Function]}
                            onMouseLeave={[Function]}
                            onMouseUp={[Function]}
                            onTouchEnd={[Function]}
                            onTouchMove={[Function]}
                            onTouchStart={[Function]}
                            role="button"
                            tabIndex={0}
                          >
                            <div
                              className="MuiListItemText-root R3MainTree-childListItemText-16"
                            >
                              <span
                                className="MuiTypography-root MuiListItemText-primary MuiTypography-subtitle1 MuiTypography-colorTextSecondary"
                              >
                                RESOURCE
                              </span>
                            </div>
                            <div
                              className="MuiListItemIcon-root R3MainTree-expandListItemIcon-13"
                            >
                              <svg
                                aria-hidden="true"
                                className="MuiSvgIcon-root"
                                focusable="false"
                                role="presentation"
                                viewBox="0 0 24 24"
                              >
                                <path
                                  d="M16.59 8.59L12 13.17 7.41 8.59 6 10l6 6 6-6z"
                                />
                              </svg>
                            </div>
                            <span
                              className="MuiTouchRipple-root"
                            />
                          </div>
                          <div
                            className="MuiCollapse-container R3MainTree-collapse-14 MuiCollapse-hidden"
                            style={
                              Object {
                                "minHeight": "0px",
                              }
                            }
                          >
                            <div
                              className="MuiCollapse-wrapper"
                            >
                              <div
                                className="MuiCollapse-wrapperInner"
                              >
                                <div
                                  className="MuiList-root"
                                >
                                  <div>
                                    <div
                                      aria-disabled={false}
                                      className="MuiButtonBase-root MuiListItem-root MuiListItem-gutters MuiListItem-button"
                                      onBlur={[Function]}
                                      onClick={[Function]}
                                      onDragLeave={[Function]}
                                      onFocus={[Function]}
                                      onKeyDown={[Function]}
                                      onKeyUp={[Function]}
                                      onMouseDown={[Function]}
                                      onMouseLeave={[Function]}
                                      onMouseUp={[Function]}
                                      onTouchEnd={[Function]}
                                      onTouchMove={[Function]}
                                      onTouchStart={[Function]}
                                      role="button"
                                      tabIndex={0}
                                    >
                                      <div
                                        className="MuiListItemText-root R3MainTree-childListItemText-16"
                                      >
                                        <span
                                          className="MuiTypography-root MuiListItemText-primary MuiTypography-subtitle1 MuiTypography-colorTextSecondary"
                                        >
                                          dummyserviceresource
                                        </span>
                                      </div>
                                      <span
                                        className="MuiTouchRipple-root"
                                      />
                                    </div>
                                  </div>
                                </div>
                              </div>
                            </div>
                          </div>
                        </div>
                        <div>
                          <div
                            aria-disabled={false}
                            className="MuiButtonBase-root MuiListItem-root MuiListItem-gutters MuiListItem-button"
                            onBlur={[Function]}
                            onClick={[Function]}
                            onDragLeave={[Function]}
                            onFocus={[Function]}
                            onKeyDown={[Function]}
                            onKeyUp={[Function]}
                            onMouseDown={[Function]}
                            onMouseLeave={[Function]}
                            onMouseUp={[Function]}
                            onTouchEnd={[Function]}
                            onTouchMove={[Function]}
                            onTouchStart={[Function]}
                            role="button"
                            tabIndex={0}
                          >
                            <div
                              className="MuiListItemText-root R3MainTree-childListItemText-16"
                            >
                              <span
                                className="MuiTypography-root MuiListItemText-primary MuiTypography-subtitle1 MuiTypography-colorTextSecondary"
                              >
                                POLICY
                              </span>
                            </div>
                            <div
                              className="MuiListItemIcon-root R3MainTree-expandListItemIcon-13"
                            >
                              <svg
                                aria-hidden="true"
                                className="MuiSvgIcon-root"
                                focusable="false"
                                role="presentation"
                                viewBox="0 0 24 24"
                              >
                                <path
                                  d="M16.59 8.59L12 13.17 7.41 8.59 6 10l6 6 6-6z"
                                />
                              </svg>
                            </div>
                            <span
                              className="MuiTouchRipple-root"
                            />
                          </div>
                          <div
                            className="MuiCollapse-container R3MainTree-collapse-14 MuiCollapse-hidden"
                            style={
                              Object {
                                "minHeight": "0px",
                              }
                            }
                          >
                            <div
                              className="MuiCollapse-wrapper"
                            >
                              <div
                                className="MuiCollapse-wrapperInner"
                              >
                                <div
                                  className="MuiList-root"
                                >
                                  <div>
                                    <div
                                      aria-disabled={false}
                                      className="MuiButtonBase-root MuiListItem-root MuiListItem-gutters MuiListItem-button"
                                      onBlur={[Function]}
                                      onClick={[Function]}
                                      onDragLeave={[Function]}
                                      onFocus={[Function]}
                                      onKeyDown={[Function]}
                                      onKeyUp={[Function]}
                                      onMouseDown={[Function]}
                                      onMouseLeave={[Function]}
                                      onMouseUp={[Function]}
                                      onTouchEnd={[Function]}
                                      onTouchMove={[Function]}
                                      onTouchStart={[Function]}
                                      role="button"
                                      tabIndex={0}
                                    >
                                      <div
                                        className="MuiListItemText-root R3MainTree-childListItemText-16"
                                      >
                                        <span
                                          className="MuiTypography-root MuiListItemText-primary MuiTypography-subtitle1 MuiTypography-colorTextSecondary"
                                        >
                                          dummyservicepolicy
                                        </span>
                                      </div>
                                      <span
                                        className="MuiTouchRipple-root"
                                      />
                                    </div>
                                  </div>
                                </div>
                              </div>
                            </div>
                          </div>
                        </div>
                      </div>
                    </div>
                  </div>
                </div>
              </div>
            </div>
          </div>
        </div>
      </div>
    </div>
    <div>
      <div
        aria-disabled={false}
        className="MuiButtonBase-root MuiListItem-root MuiListItem-gutters MuiListItem-button"
        onBlur={[Function]}
        onClick={[Function]}
        onDragLeave={[Function]}
        onFocus={[Function]}
        onKeyDown={[Function]}
        onKeyUp={[Function]}
        onMouseDown={[Function]}
        onMouseLeave={[Function]}
        onMouseUp={[Function]}
        onTouchEnd={[Function]}
        onTouchMove={[Function]}
        onTouchStart={[Function]}
        role="button"
        tabIndex={0}
      >
        <div
          className="MuiListItemIcon-root"
        >
          <svg
            aria-hidden="true"
            className="MuiSvgIcon-root"
            focusable="false"
            role="presentation"
            viewBox="0 0 24 24"
          >
            <path
              d="M17.63 5.84C17.27 5.33 16.67 5 16 5L5 5.01C3.9 5.01 3 5.9 3 7v10c0 1.1.9 1.99 2 1.99L16 19c.67 0 1.27-.33 1.63-.84L22 12l-4.37-6.16z"
            />
          </svg>
        </div>
        <div
          className="MuiListItemText-root R3MainTree-listItemText-17"
        >
          <span
            className="MuiTypography-root MuiListItemText-primary MuiTypography-subtitle2 MuiTypography-colorTextSecondary"
          >
            ROLE
          </span>
        </div>
        <div
          className="MuiListItemIcon-root R3MainTree-expandListItemIcon-13"
        >
          <svg
            aria-hidden="true"
            className="MuiSvgIcon-root"
            focusable="false"
            role="presentation"
            viewBox="0 0 24 24"
          >
            <path
              d="M16.59 8.59L12 13.17 7.41 8.59 6 10l6 6 6-6z"
            />
          </svg>
        </div>
        <span
          className="MuiTouchRipple-root"
        />
      </div>
      <div
        className="MuiCollapse-container MuiCollapse-hidden"
        style={
          Object {
            "minHeight": "0px",
          }
        }
      >
        <div
          className="MuiCollapse-wrapper"
        >
          <div
            className="MuiCollapse-wrapperInner"
          >
            <div
              className="MuiList-root"
            >
              <div>
                <div
                  aria-disabled={false}
                  className="MuiButtonBase-root MuiListItem-root MuiListItem-gutters MuiListItem-button"
                  onBlur={[Function]}
                  onClick={[Function]}
                  onDragLeave={[Function]}
                  onFocus={[Function]}
                  onKeyDown={[Function]}
                  onKeyUp={[Function]}
                  onMouseDown={[Function]}
                  onMouseLeave={[Function]}
                  onMouseUp={[Function]}
                  onTouchEnd={[Function]}
                  onTouchMove={[Function]}
                  onTouchStart={[Function]}
                  role="button"
                  tabIndex={0}
                >
                  <div
                    className="MuiListItemText-root R3MainTree-childListItemText-16"
                  >
                    <span
                      className="MuiTypography-root MuiListItemText-primary MuiTypography-subtitle1 MuiTypography-colorTextSecondary"
                    >
                      dummyrole
                    </span>
                  </div>
                  <div
                    className="MuiListItemIcon-root R3MainTree-expandListItemIcon-13"
                  >
                    <svg
                      aria-hidden="true"
                      className="MuiSvgIcon-root"
                      focusable="false"
                      role="presentation"
                      viewBox="0 0 24 24"
                    >
                      <path
                        d="M16.59 8.59L12 13.17 7.41 8.59 6 10l6 6 6-6z"
                      />
                    </svg>
                  </div>
                  <span
                    className="MuiTouchRipple-root"
                  />
                </div>
                <div
                  className="MuiCollapse-container R3MainTree-collapse-14 MuiCollapse-hidden"
                  style={
                    Object {
                      "minHeight": "0px",
                    }
                  }
                >
                  <div
                    className="MuiCollapse-wrapper"
                  >
                    <div
                      className="MuiCollapse-wrapperInner"
                    >
                      <div
                        className="MuiList-root"
                      >
                        <div>
                          <div
                            aria-disabled={false}
                            className="MuiButtonBase-root MuiListItem-root MuiListItem-gutters MuiListItem-button"
                            onBlur={[Function]}
                            onClick={[Function]}
                            onDragLeave={[Function]}
                            onFocus={[Function]}
                            onKeyDown={[Function]}
                            onKeyUp={[Function]}
                            onMouseDown={[Function]}
                            onMouseLeave={[Function]}
                            onMouseUp={[Function]}
                            onTouchEnd={[Function]}
                            onTouchMove={[Function]}
                            onTouchStart={[Function]}
                            role="button"
                            tabIndex={0}
                          >
                            <div
                              className="MuiListItemText-root R3MainTree-childListItemText-16"
                            >
                              <span
                                className="MuiTypography-root MuiListItemText-primary MuiTypography-subtitle1 MuiTypography-colorTextSecondary"
                              >
                                dummysubrole
                              </span>
                            </div>
                            <span
                              className="MuiTouchRipple-root"
                            />
                          </div>
                        </div>
                      </div>
                    </div>
                  </div>
                </div>
              </div>
            </div>
          </div>
        </div>
      </div>
    </div>
    <div>
      <div
        aria-disabled={false}
        className="MuiButtonBase-root MuiListItem-root MuiListItem-gutters MuiListItem-button"
        onBlur={[Function]}
        onClick={[Function]}
        onDragLeave={[Function]}
        onFocus={[Function]}
        onKeyDown={[Function]}
        onKeyUp={[Function]}
        onMouseDown={[Function]}
        onMouseLeave={[Function]}
        onMouseUp={[Function]}
        onTouchEnd={[Function]}
        onTouchMove={[Function]}
        onTouchStart={[Function]}
        role="button"
        tabIndex={0}
      >
        <div
          className="MuiListItemIcon-root"
        >
          <svg
            aria-hidden="true"
            className="MuiSvgIcon-root"
            focusable="false"
            role="presentation"
            viewBox="0 0 24 24"
          >
            <path
              d="M17.63 5.84C17.27 5.33 16.67 5 16 5L5 5.01C3.9 5.01 3 5.9 3 7v10c0 1.1.9 1.99 2 1.99L16 19c.67 0 1.27-.33 1.63-.84L22 12l-4.37-6.16z"
            />
          </svg>
        </div>
        <div
          className="MuiListItemText-root R3MainTree-listItemText-17"
        >
          <span
            className="MuiTypography-root MuiListItemText-primary MuiTypography-subtitle2 MuiTypography-colorTextSecondary"
          >
            RESOURCE
          </span>
        </div>
        <div
          className="MuiListItemIcon-root R3MainTree-expandListItemIcon-13"
        >
          <svg
            aria-hidden="true"
            className="MuiSvgIcon-root"
            focusable="false"
            role="presentation"
            viewBox="0 0 24 24"
          >
            <path
              d="M16.59 8.59L12 13.17 7.41 8.59 6 10l6 6 6-6z"
            />
          </svg>
        </div>
        <span
          className="MuiTouchRipple-root"
        />
      </div>
      <div
        className="MuiCollapse-container MuiCollapse-hidden"
        style={
          Object {
            "minHeight": "0px",
          }
        }
      >
        <div
          className="MuiCollapse-wrapper"
        >
          <div
            className="MuiCollapse-wrapperInner"
          >
            <div
              className="MuiList-root"
            >
              <div>
                <div
                  aria-disabled={false}
                  className="MuiButtonBase-root MuiListItem-root MuiListItem-gutters MuiListItem-button"
                  onBlur={[Function]}
                  onClick={[Function]}
                  onDragLeave={[Function]}
                  onFocus={[Function]}
                  onKeyDown={[Function]}
                  onKeyUp={[Function]}
                  onMouseDown={[Function]}
                  onMouseLeave={[Function]}
                  onMouseUp={[Function]}
                  onTouchEnd={[Function]}
                  onTouchMove={[Function]}
                  onTouchStart={[Function]}
                  role="button"
                  tabIndex={0}
                >
                  <div
                    className="MuiListItemText-root R3MainTree-childListItemText-16"
                  >
                    <span
                      className="MuiTypography-root MuiListItemText-primary MuiTypography-subtitle1 MuiTypography-colorTextSecondary"
                    >
                      dummyresource
                    </span>
                  </div>
                  <div
                    className="MuiListItemIcon-root R3MainTree-expandListItemIcon-13"
                  >
                    <svg
                      aria-hidden="true"
                      className="MuiSvgIcon-root"
                      focusable="false"
                      role="presentation"
                      viewBox="0 0 24 24"
                    >
                      <path
                        d="M16.59 8.59L12 13.17 7.41 8.59 6 10l6 6 6-6z"
                      />
                    </svg>
                  </div>
                  <span
                    className="MuiTouchRipple-root"
                  />
                </div>
                <div
                  className="MuiCollapse-container R3MainTree-collapse-14 MuiCollapse-hidden"
                  style={
                    Object {
                      "minHeight": "0px",
                    }
                  }
                >
                  <div
                    className="MuiCollapse-wrapper"
                  >
                    <div
                      className="MuiCollapse-wrapperInner"
                    >
                      <div
                        className="MuiList-root"
                      >
                        <div>
                          <div
                            aria-disabled={false}
                            className="MuiButtonBase-root MuiListItem-root MuiListItem-gutters MuiListItem-button"
                            onBlur={[Function]}
                            onClick={[Function]}
                            onDragLeave={[Function]}
                            onFocus={[Function]}
                            onKeyDown={[Function]}
                            onKeyUp={[Function]}
                            onMouseDown={[Function]}
                            onMouseLeave={[Function]}
                            onMouseUp={[Function]}
                            onTouchEnd={[Function]}
                            onTouchMove={[Function]}
                            onTouchStart={[Function]}
                            role="button"
                            tabIndex={0}
                          >
                            <div
                              className="MuiListItemText-root R3MainTree-childListItemText-16"
                            >
                              <span
                                className="MuiTypography-root MuiListItemText-primary MuiTypography-subtitle1 MuiTypography-colorTextSecondary"
                              >
                                dummysubresource
                              </span>
                            </div>
                            <span
                              className="MuiTouchRipple-root"
                            />
                          </div>
                        </div>
                      </div>
                    </div>
                  </div>
                </div>
              </div>
            </div>
          </div>
        </div>
      </div>
    </div>
    <div>
      <div
        aria-disabled={false}
        className="MuiButtonBase-root MuiListItem-root MuiListItem-gutters MuiListItem-button"
        onBlur={[Function]}
        onClick={[Function]}
        onDragLeave={[Function]}
        onFocus={[Function]}
        onKeyDown={[Function]}
        onKeyUp={[Function]}
        onMouseDown={[Function]}
        onMouseLeave={[Function]}
        onMouseUp={[Function]}
        onTouchEnd={[Function]}
        onTouchMove={[Function]}
        onTouchStart={[Function]}
        role="button"
        tabIndex={0}
      >
        <div
          className="MuiListItemIcon-root"
        >
          <svg
            aria-hidden="true"
            className="MuiSvgIcon-root"
            focusable="false"
            role="presentation"
            viewBox="0 0 24 24"
          >
            <path
              d="M17.63 5.84C17.27 5.33 16.67 5 16 5L5 5.01C3.9 5.01 3 5.9 3 7v10c0 1.1.9 1.99 2 1.99L16 19c.67 0 1.27-.33 1.63-.84L22 12l-4.37-6.16z"
            />
          </svg>
        </div>
        <div
          className="MuiListItemText-root R3MainTree-listItemText-17"
        >
          <span
            className="MuiTypography-root MuiListItemText-primary MuiTypography-subtitle2 MuiTypography-colorTextSecondary"
          >
            POLICY
          </span>
        </div>
        <div
          className="MuiListItemIcon-root R3MainTree-expandListItemIcon-13"
        >
          <svg
            aria-hidden="true"
            className="MuiSvgIcon-root"
            focusable="false"
            role="presentation"
            viewBox="0 0 24 24"
          >
            <path
              d="M16.59 8.59L12 13.17 7.41 8.59 6 10l6 6 6-6z"
            />
          </svg>
        </div>
        <span
          className="MuiTouchRipple-root"
        />
      </div>
      <div
        className="MuiCollapse-container MuiCollapse-hidden"
        style={
          Object {
            "minHeight": "0px",
          }
        }
      >
        <div
          className="MuiCollapse-wrapper"
        >
          <div
            className="MuiCollapse-wrapperInner"
          >
            <div
              className="MuiList-root"
            >
              <div>
                <div
                  aria-disabled={false}
                  className="MuiButtonBase-root MuiListItem-root MuiListItem-gutters MuiListItem-button"
                  onBlur={[Function]}
                  onClick={[Function]}
                  onDragLeave={[Function]}
                  onFocus={[Function]}
                  onKeyDown={[Function]}
                  onKeyUp={[Function]}
                  onMouseDown={[Function]}
                  onMouseLeave={[Function]}
                  onMouseUp={[Function]}
                  onTouchEnd={[Function]}
                  onTouchMove={[Function]}
                  onTouchStart={[Function]}
                  role="button"
                  tabIndex={0}
                >
                  <div
                    className="MuiListItemText-root R3MainTree-childListItemText-16"
                  >
                    <span
                      className="MuiTypography-root MuiListItemText-primary MuiTypography-subtitle1 MuiTypography-colorTextSecondary"
                    >
                      dummypolicy
                    </span>
                  </div>
                  <div
                    className="MuiListItemIcon-root R3MainTree-expandListItemIcon-13"
                  >
                    <svg
                      aria-hidden="true"
                      className="MuiSvgIcon-root"
                      focusable="false"
                      role="presentation"
                      viewBox="0 0 24 24"
                    >
                      <path
                        d="M16.59 8.59L12 13.17 7.41 8.59 6 10l6 6 6-6z"
                      />
                    </svg>
                  </div>
                  <span
                    className="MuiTouchRipple-root"
                  />
                </div>
                <div
                  className="MuiCollapse-container R3MainTree-collapse-14 MuiCollapse-hidden"
                  style={
                    Object {
                      "minHeight": "0px",
                    }
                  }
                >
                  <div
                    className="MuiCollapse-wrapper"
                  >
                    <div
                      className="MuiCollapse-wrapperInner"
                    >
                      <div
                        className="MuiList-root"
                      >
                        <div>
                          <div
                            aria-disabled={false}
                            className="MuiButtonBase-root MuiListItem-root MuiListItem-gutters MuiListItem-button"
                            onBlur={[Function]}
                            onClick={[Function]}
                            onDragLeave={[Function]}
                            onFocus={[Function]}
                            onKeyDown={[Function]}
                            onKeyUp={[Function]}
                            onMouseDown={[Function]}
                            onMouseLeave={[Function]}
                            onMouseUp={[Function]}
                            onTouchEnd={[Function]}
                            onTouchMove={[Function]}
                            onTouchStart={[Function]}
                            role="button"
                            tabIndex={0}
                          >
                            <div
                              className="MuiListItemText-root R3MainTree-childListItemText-16"
                            >
                              <span
                                className="MuiTypography-root MuiListItemText-primary MuiTypography-subtitle1 MuiTypography-colorTextSecondary"
                              >
                                dummysubpolicy
                              </span>
                            </div>
                            <span
                              className="MuiTouchRipple-root"
                            />
                          </div>
                        </div>
                      </div>
                    </div>
                  </div>
                </div>
              </div>
            </div>
          </div>
        </div>
      </div>
    </div>
  </div>
</div>
`;
