// Jest Snapshot v1, https://goo.gl/fbAQLP

exports[`R3PathInfoDialog test snapshot for R3PathInfoDialog 1`] = `
<div
  aria-label="path information dialog"
  className="MuiModal-root-48 MuiDialog-root-34 R3PathInfoDialog-root-1"
  label="path-information-dialog"
  onKeyDown={[Function]}
  role="dialog"
/>
`;
